     1                                  BITS 32
     2                                  
     3                                  section .data
     4                                  ;=====================STRINGS=========
     5 00000000 48656C6C6F20576F72-     	msg db "Hello World!",0x0a
     6 00000009 6C64210A           
     7                                  	len equ $ - msg
     8                                  ;=====================================
     9                                  
    10                                  
    11                                  ;=====================CONSTANTS=======
    12                                  	LOOPCOUNT	equ	4	
    13                                  
    14                                  	SYS_EXIT 	equ 	1
    15                                  	SYS_WRITE 	equ 	4
    16                                  	STDOUT 		equ 	1
    17                                  	
    18                                  	TRAP		equ	0x80
    19                                  
    20                                  	EXIT_OK		equ	0
    21                                  ;=====================================
    22                                  	
    23                                  ;=====================================
    24                                  ;		START
    25                                  ;=====================================
    26                                  section .text
    27                                  global _start
    28                                  
    29                                  _start:
    30 00000000 68[00000000]            	push msg
    31 00000005 6A0D                    	push len
    32 00000007 B904000000              	mov ecx,LOOPCOUNT
    33                                  L1:
    34 0000000C 51                      	push ecx
    35 0000000D E80A000000              	call PrintString
    36 00000012 59                      	pop ecx
    37 00000013 E2F7                    loop L1
    38                                  	
    39 00000015 6A00                    push EXIT_OK
    40 00000017 E817000000              call ExitProgram
    41                                  
    42                                  ;======================================
    43                                  ;		PRINTSTRING
    44                                  ;======================================
    45                                  ;======================================
    46                                  ;		PARAMETERS
    47                                  ;======================================
    48                                  section .data
    49                                  	CHARMSG		equ	16
    50                                  	LEN		equ	12
    51                                  
    52                                  ;======================================
    53                                  ;		CODE
    54                                  ;======================================
    55                                  section .text
    56                                  PrintString:
    57 0000001C 55                      	push ebp	
    58 0000001D 89E5                    	mov ebp,esp
    59                                  
    60 0000001F B804000000              	mov eax,SYS_WRITE
    61 00000024 BB01000000              	mov ebx,STDOUT
    62 00000029 8B4D10                  	mov ecx,[ebp + CHARMSG]
    63 0000002C 8B550C                  	mov edx,[ebp + LEN]
    64 0000002F CD80                    	int TRAP
    65                                  
    66 00000031 5D                      	pop ebp
    67 00000032 C3                      	ret
    68                                  
    69                                  ;=======================================
    70                                  ;		EXITPROGRAM
    71                                  ;=======================================
    72                                  ;=======================================
    73                                  ;		PARAMETERS
    74                                  ;=======================================
    75                                  section .data
    76                                  	EXITCODE	equ	8
    77                                  
    78                                  ;=======================================
    79                                  ;		CODE
    80                                  ;=======================================
    81                                  section .text
    82                                  ExitProgram:
    83 00000033 55                      	push ebp
    84 00000034 89E5                    	mov ebp,esp
    85                                  	
    86 00000036 B801000000              	mov eax,SYS_EXIT
    87 0000003B 8B5D08                  	mov ebx,[ebp + EXITCODE]
    88 0000003E CD80                    	int TRAP
    89                                  	
    90                                  	
    91                                  ;I Will never comment like this again
    92                                  ;I Will never comment like this again
    93                                  ;I Will never comment like this again
    94                                  ;I Will never comment like this again
    95                                  ;I Will never comment like this again
    96                                  ;I Will never comment like this again
    97                                  ;I Will never comment like this again
    98                                  ;I Will never comment like this again
    99                                  ;I Will never comment like this again
   100                                  ;I Will never comment like this again
   101                                  ;I Will never comment like this again
   102                                  ;I Will never comment like this again
   103                                  ;I Will never comment like this again
   104                                  ;I Will never comment like this again
   105                                  ;I Will never comment like this again
   106                                  ;I Will never comment like this again
   107                                  ;I Will never comment like this again
   108                                  ;I Will never comment like this again
   109                                  ;I Will never comment like this again
   110                                  ;I Will never comment like this again
   111                                  ;I Will never comment like this again
   112                                  ;I Will never comment like this again
   113                                  ;I Will never comment like this again
   114                                  ;I Will never comment like this again
   115                                  ;I Will never comment like this again
   116                                  ;I Will never comment like this again
   117                                  ;I Will never comment like this again
   118                                  ;I Will never comment like this again
   119                                  ;I Will never comment like this again
   120                                  ;I Will never comment like this again
   121                                  ;I Will never comment like this again
   122                                  ;I Will never comment like this again
   123                                  ;I Will never comment like this again
   124                                  ;I Will never comment like this again
   125                                  ;I Will never comment like this again
   126                                  ;I Will never comment like this again
   127                                  ;I Will never comment like this again
   128                                  ;I Will never comment like this again
   129                                  ;I Will never comment like this again
   130                                  ;I Will never comment like this again
   131                                  ;I Will never comment like this again
   132                                  ;I Will never comment like this again
   133                                  ;I Will never comment like this again
   134                                  ;I Will never comment like this again
   135                                  ;I Will never comment like this again
   136                                  ;I Will never comment like this again
   137                                  ;I Will never comment like this again
   138                                  ;I Will never comment like this agai;I Will never comment like this agai;I Will never comment like this agai;I Will never comment like this agai;I Will never comment like this agai;I Will never comment like this aga
